// Jest Snapshot v1, https://goo.gl/fbAQLP

exports[`AdditionalInformation component should match snapshot 1`] = `
<div class="mt-4" category="[object Object]" singularizedcategoryname="Test category"><label class="font-bold">Additional information</label> <span class="text-sm italic text-gray-500 ml-1">(optional)</span>
  <div class="mt-1">
    <div class="flex">
      <div class="mr-1"><label class="text-sm mr-16">Type</label></div>
      <div class="mr-1"><label class="text-sm mr-40">Key</label></div>
      <div class="mr-1"><label class="text-sm ml-3">Value</label></div>
    </div>
    <div class="flex mt-2">
      <div class="mr-1">
        <t-select-stub name="my-input" options="[object Object],[object Object],[object Object],[object Object]" value="text" baseclass="block appearance-none w-full border pr-8 rounded leading-tight" baseclassmultiple="block appearance-none w-full border rounded leading-tight" defaultstatusclass="bg-white" errorstatusclass="border-red-300 bg-red-100" successstatusclass="border-green-300 bg-green-100" warningstatusclass="border-yellow-400 bg-yellow-100" disabledclass="bg-gray-100 cursor-not-allowed opacity-75" arrowwrapperclass="pointer-events-none absolute inset-y-0 right-0 flex items-center px-2 text-gray-700" defaultsizeclass="p-3" largesizeclass="p-4 text-lg" smallsizeclass="p-2 text-sm" arrowclass="fill-current h-4 w-4" wrapperclass="relative" class="type-select text-sm"></t-select-stub>
      </div>
      <div class="mr-1">
        <t-input-stub value="" type="text" baseclass="border block rounded" defaultstatusclass="bg-white" errorstatusclass="border-red-300 bg-red-100" successstatusclass="border-green-300 bg-green-100" warningstatusclass="border-yellow-400 bg-yellow-100" disabledclass="bg-gray-100 cursor-not-allowed opacity-75" defaultsizeclass="p-3" largesizeclass="p-4 text-lg" smallsizeclass="p-2 text-sm" class="h-10"></t-input-stub>
      </div>
      <div class="mr-1">
        <t-input-stub value="" type="text" baseclass="border block rounded" defaultstatusclass="bg-white" errorstatusclass="border-red-300 bg-red-100" successstatusclass="border-green-300 bg-green-100" warningstatusclass="border-yellow-400 bg-yellow-100" disabledclass="bg-gray-100 cursor-not-allowed opacity-75" defaultsizeclass="p-3" largesizeclass="p-4 text-lg" smallsizeclass="p-2 text-sm" class="h-10"></t-input-stub>
      </div> <button class="text-red-500 px-1 h-8 w-8 mt-1">
        <closeicon-stub class="fill-current w-4"></closeicon-stub>
      </button>
    </div>
  </div>
  <t-button-stub tagname="button" type="button" size="sm" activeclass="router-link-active" exactactiveclass="router-link-exact-active" baseclass="border block rounded inline-flex items-center justify-center" defaultclass="bg-white border-gray-400 hover:bg-gray-100 hover:border-gray-500" primaryclass="text-white bg-blue-500 border-blue-500 hover:bg-blue-600 hover:border-blue-600" secondaryclass="border-blue-500 text-blue-500 bg-white hover:border-blue-600 hover:text-blue-600 hover:bg-white" tertiaryclass="border block underline text-blue-500 border-transparent bg-transparent hover:text-blue-600" successclass="text-white bg-green-500 border-green-500 hover:bg-green-600 hover:border-green-600" dangerclass="text-white bg-red-500 border-red-500 hover:bg-red-600 hover:border-red-600" warningclass="text-yellow-900 bg-yellow-500 border-yellow-500 hover:bg-yellow-600 hover:border-yellow-600" disabledclass="cursor-not-allowed opacity-75" defaultsizeclass="px-6 py-3" largesizeclass="px-8 py-4 text-lg" smallsizeclass="px-4 py-2 text-sm" class="text-sm mt-3">
    Add field
  </t-button-stub>
</div>
`;
