// Jest Snapshot v1, https://goo.gl/fbAQLP

exports[`App component should match snapshot 1`] = `
<div id="app">
  <div class="pl-24">
    <header-stub></header-stub>
    <div class="flex flex-row items-start pt-10 mb-10 pr-10"> <button class="
        h-12
        max-h-full
        w-64
        p-3
        m-0
        mr-10
        bg-gray-500
        hover:bg-gray-600
        rounded
        text-white
        font-bold
        cursor-pointer
        outline-none
        category"><img width="20" src="./assets/add-icon-white.svg" class="inline mr-3"> <span class="font-bold">Add new category</span></button></div>
  </div>
</div>
`;
